Archive member included to satisfy reference by file (symbol)

C:/ST/STM32CubeCLT_1.18.0/GNU-tools-for-STM32/bin/../lib/gcc/arm-none-eabi/13.3.1/../../../../arm-none-eabi/lib/thumb/v6-m/nofp\libc_nano.a(libc_a-exit.o)
                              C:/ST/STM32CubeCLT_1.18.0/GNU-tools-for-STM32/bin/../lib/gcc/arm-none-eabi/13.3.1/../../../../arm-none-eabi/lib/thumb/v6-m/nofp/crt0.o (exit)
C:/ST/STM32CubeCLT_1.18.0/GNU-tools-for-STM32/bin/../lib/gcc/arm-none-eabi/13.3.1/../../../../arm-none-eabi/lib/thumb/v6-m/nofp\libc_nano.a(libc_a-findfp.o)
                              C:/ST/STM32CubeCLT_1.18.0/GNU-tools-for-STM32/bin/../lib/gcc/arm-none-eabi/13.3.1/../../../../arm-none-eabi/lib/thumb/v6-m/nofp\libc_nano.a(libc_a-exit.o) (__stdio_exit_handler)
C:/ST/STM32CubeCLT_1.18.0/GNU-tools-for-STM32/bin/../lib/gcc/arm-none-eabi/13.3.1/../../../../arm-none-eabi/lib/thumb/v6-m/nofp\libc_nano.a(libc_a-fwalk.o)
                              C:/ST/STM32CubeCLT_1.18.0/GNU-tools-for-STM32/bin/../lib/gcc/arm-none-eabi/13.3.1/../../../../arm-none-eabi/lib/thumb/v6-m/nofp\libc_nano.a(libc_a-findfp.o) (_fwalk_sglue)
C:/ST/STM32CubeCLT_1.18.0/GNU-tools-for-STM32/bin/../lib/gcc/arm-none-eabi/13.3.1/../../../../arm-none-eabi/lib/thumb/v6-m/nofp\libc_nano.a(libc_a-stdio.o)
                              C:/ST/STM32CubeCLT_1.18.0/GNU-tools-for-STM32/bin/../lib/gcc/arm-none-eabi/13.3.1/../../../../arm-none-eabi/lib/thumb/v6-m/nofp\libc_nano.a(libc_a-findfp.o) (__sread)
C:/ST/STM32CubeCLT_1.18.0/GNU-tools-for-STM32/bin/../lib/gcc/arm-none-eabi/13.3.1/../../../../arm-none-eabi/lib/thumb/v6-m/nofp\libc_nano.a(libc_a-memset.o)
                              C:/ST/STM32CubeCLT_1.18.0/GNU-tools-for-STM32/bin/../lib/gcc/arm-none-eabi/13.3.1/../../../../arm-none-eabi/lib/thumb/v6-m/nofp/crt0.o (memset)
C:/ST/STM32CubeCLT_1.18.0/GNU-tools-for-STM32/bin/../lib/gcc/arm-none-eabi/13.3.1/../../../../arm-none-eabi/lib/thumb/v6-m/nofp\libc_nano.a(libc_a-closer.o)
                              C:/ST/STM32CubeCLT_1.18.0/GNU-tools-for-STM32/bin/../lib/gcc/arm-none-eabi/13.3.1/../../../../arm-none-eabi/lib/thumb/v6-m/nofp\libc_nano.a(libc_a-stdio.o) (_close_r)
C:/ST/STM32CubeCLT_1.18.0/GNU-tools-for-STM32/bin/../lib/gcc/arm-none-eabi/13.3.1/../../../../arm-none-eabi/lib/thumb/v6-m/nofp\libc_nano.a(libc_a-reent.o)
                              C:/ST/STM32CubeCLT_1.18.0/GNU-tools-for-STM32/bin/../lib/gcc/arm-none-eabi/13.3.1/../../../../arm-none-eabi/lib/thumb/v6-m/nofp\libc_nano.a(libc_a-closer.o) (errno)
C:/ST/STM32CubeCLT_1.18.0/GNU-tools-for-STM32/bin/../lib/gcc/arm-none-eabi/13.3.1/../../../../arm-none-eabi/lib/thumb/v6-m/nofp\libc_nano.a(libc_a-impure.o)
                              C:/ST/STM32CubeCLT_1.18.0/GNU-tools-for-STM32/bin/../lib/gcc/arm-none-eabi/13.3.1/../../../../arm-none-eabi/lib/thumb/v6-m/nofp\libc_nano.a(libc_a-reent.o) (_impure_ptr)
C:/ST/STM32CubeCLT_1.18.0/GNU-tools-for-STM32/bin/../lib/gcc/arm-none-eabi/13.3.1/../../../../arm-none-eabi/lib/thumb/v6-m/nofp\libc_nano.a(libc_a-lseekr.o)
                              C:/ST/STM32CubeCLT_1.18.0/GNU-tools-for-STM32/bin/../lib/gcc/arm-none-eabi/13.3.1/../../../../arm-none-eabi/lib/thumb/v6-m/nofp\libc_nano.a(libc_a-stdio.o) (_lseek_r)
C:/ST/STM32CubeCLT_1.18.0/GNU-tools-for-STM32/bin/../lib/gcc/arm-none-eabi/13.3.1/../../../../arm-none-eabi/lib/thumb/v6-m/nofp\libc_nano.a(libc_a-readr.o)
                              C:/ST/STM32CubeCLT_1.18.0/GNU-tools-for-STM32/bin/../lib/gcc/arm-none-eabi/13.3.1/../../../../arm-none-eabi/lib/thumb/v6-m/nofp\libc_nano.a(libc_a-stdio.o) (_read_r)
C:/ST/STM32CubeCLT_1.18.0/GNU-tools-for-STM32/bin/../lib/gcc/arm-none-eabi/13.3.1/../../../../arm-none-eabi/lib/thumb/v6-m/nofp\libc_nano.a(libc_a-writer.o)
                              C:/ST/STM32CubeCLT_1.18.0/GNU-tools-for-STM32/bin/../lib/gcc/arm-none-eabi/13.3.1/../../../../arm-none-eabi/lib/thumb/v6-m/nofp\libc_nano.a(libc_a-stdio.o) (_write_r)
C:/ST/STM32CubeCLT_1.18.0/GNU-tools-for-STM32/bin/../lib/gcc/arm-none-eabi/13.3.1/../../../../arm-none-eabi/lib/thumb/v6-m/nofp\libc_nano.a(libc_a-init.o)
                              C:/ST/STM32CubeCLT_1.18.0/GNU-tools-for-STM32/bin/../lib/gcc/arm-none-eabi/13.3.1/../../../../arm-none-eabi/lib/thumb/v6-m/nofp/crt0.o (__libc_init_array)
C:/ST/STM32CubeCLT_1.18.0/GNU-tools-for-STM32/bin/../lib/gcc/arm-none-eabi/13.3.1/../../../../arm-none-eabi/lib/thumb/v6-m/nofp\libc_nano.a(libc_a-lock.o)
                              C:/ST/STM32CubeCLT_1.18.0/GNU-tools-for-STM32/bin/../lib/gcc/arm-none-eabi/13.3.1/../../../../arm-none-eabi/lib/thumb/v6-m/nofp\libc_nano.a(libc_a-findfp.o) (__retarget_lock_init_recursive)
C:/ST/STM32CubeCLT_1.18.0/GNU-tools-for-STM32/bin/../lib/gcc/arm-none-eabi/13.3.1/../../../../arm-none-eabi/lib/thumb/v6-m/nofp\libc_nano.a(libc_a-freer.o)
                              C:/ST/STM32CubeCLT_1.18.0/GNU-tools-for-STM32/bin/../lib/gcc/arm-none-eabi/13.3.1/../../../../arm-none-eabi/lib/thumb/v6-m/nofp\libc_nano.a(libc_a-reent.o) (_free_r)
[...]
Memory Configuration

Name             Origin             Length             Attributes
RAM              0x20000000         0x00002000         xrw
FLASH            0x08000000         0x00010000         xr
*default*        0x00000000         0xffffffff

Linker script and memory map

LOAD C:/ST/STM32CubeCLT_1.18.0/GNU-tools-for-STM32/bin/../lib/gcc/arm-none-eabi/13.3.1/thumb/v6-m/nofp/crti.o
LOAD C:/ST/STM32CubeCLT_1.18.0/GNU-tools-for-STM32/bin/../lib/gcc/arm-none-eabi/13.3.1/thumb/v6-m/nofp/crtbegin.o
LOAD C:/ST/STM32CubeCLT_1.18.0/GNU-tools-for-STM32/bin/../lib/gcc/arm-none-eabi/13.3.1/../../../../arm-none-eabi/lib/thumb/v6-m/nofp/crt0.o
START GROUP
LOAD C:/ST/STM32CubeCLT_1.18.0/GNU-tools-for-STM32/bin/../lib/gcc/arm-none-eabi/13.3.1/../../../../arm-none-eabi/lib/thumb/v6-m/nofp\libc_nano.a
LOAD C:/ST/STM32CubeCLT_1.18.0/GNU-tools-for-STM32/bin/../lib/gcc/arm-none-eabi/13.3.1/../../../../arm-none-eabi/lib/thumb/v6-m/nofp\libm.a
END GROUP
LOAD cmake/stm32cubemx/CMakeFiles/STM32_Drivers.dir/__/__/Core/Src/system_stm32f0xx.c.obj
LOAD cmake/stm32cubemx/CMakeFiles/STM32_Drivers.dir/__/__/Drivers/STM32F0xx_HAL_Driver/Src/stm32f0xx_hal_tim.c.obj
LOAD cmake/stm32cubemx/CMakeFiles/STM32_Drivers.dir/__/__/Drivers/STM32F0xx_HAL_Driver/Src/stm32f0xx_hal_tim_ex.c.obj
LOAD cmake/stm32cubemx/CMakeFiles/STM32_Drivers.dir/__/__/Drivers/STM32F0xx_HAL_Driver/Src/stm32f0xx_hal_rcc.c.obj
LOAD cmake/stm32cubemx/CMakeFiles/STM32_Drivers.dir/__/__/Drivers/STM32F0xx_HAL_Driver/Src/stm32f0xx_hal_rcc_ex.c.obj
LOAD cmake/stm32cubemx/CMakeFiles/STM32_Drivers.dir/__/__/Drivers/STM32F0xx_HAL_Driver/Src/stm32f0xx_hal.c.obj
LOAD cmake/stm32cubemx/CMakeFiles/STM32_Drivers.dir/__/__/Drivers/STM32F0xx_HAL_Driver/Src/stm32f0xx_hal_i2c.c.obj
LOAD cmake/stm32cubemx/CMakeFiles/STM32_Drivers.dir/__/__/Drivers/STM32F0xx_HAL_Driver/Src/stm32f0xx_hal_i2c_ex.c.obj
LOAD cmake/stm32cubemx/CMakeFiles/STM32_Drivers.dir/__/__/Drivers/STM32F0xx_HAL_Driver/Src/stm32f0xx_hal_gpio.c.obj
LOAD cmake/stm32cubemx/CMakeFiles/STM32_Drivers.dir/__/__/Drivers/STM32F0xx_HAL_Driver/Src/stm32f0xx_hal_dma.c.obj
LOAD cmake/stm32cubemx/CMakeFiles/STM32_Drivers.dir/__/__/Drivers/STM32F0xx_HAL_Driver/Src/stm32f0xx_hal_cortex.c.obj
LOAD cmake/stm32cubemx/CMakeFiles/STM32_Drivers.dir/__/__/Drivers/STM32F0xx_HAL_Driver/Src/stm32f0xx_hal_pwr.c.obj
LOAD cmake/stm32cubemx/CMakeFiles/STM32_Drivers.dir/__/__/Drivers/STM32F0xx_HAL_Driver/Src/stm32f0xx_hal_pwr_ex.c.obj
LOAD cmake/stm32cubemx/CMakeFiles/STM32_Drivers.dir/__/__/Drivers/STM32F0xx_HAL_Driver/Src/stm32f0xx_hal_flash.c.obj
LOAD cmake/stm32cubemx/CMakeFiles/STM32_Drivers.dir/__/__/Drivers/STM32F0xx_HAL_Driver/Src/stm32f0xx_hal_flash_ex.c.obj
LOAD cmake/stm32cubemx/CMakeFiles/STM32_Drivers.dir/__/__/Drivers/STM32F0xx_HAL_Driver/Src/stm32f0xx_hal_exti.c.obj
LOAD CMakeFiles/MatrixDriver.dir/Core/Src/main.c.obj
LOAD CMakeFiles/MatrixDriver.dir/Core/Src/stm32f0xx_it.c.obj
LOAD CMakeFiles/MatrixDriver.dir/Core/Src/stm32f0xx_hal_msp.c.obj
LOAD CMakeFiles/MatrixDriver.dir/Core/Src/sysmem.c.obj
LOAD CMakeFiles/MatrixDriver.dir/Core/Src/syscalls.c.obj
LOAD CMakeFiles/MatrixDriver.dir/startup_stm32f051x8.s.obj
LOAD CMakeFiles/MatrixDriver.dir/Core/Src/matrixstate.c.obj
LOAD CMakeFiles/MatrixDriver.dir/Core/Src/utils.c.obj
START GROUP
LOAD C:/ST/STM32CubeCLT_1.18.0/GNU-tools-for-STM32/bin/../lib/gcc/arm-none-eabi/13.3.1/thumb/v6-m/nofp\libgcc.a
LOAD C:/ST/STM32CubeCLT_1.18.0/GNU-tools-for-STM32/bin/../lib/gcc/arm-none-eabi/13.3.1/../../../../arm-none-eabi/lib/thumb/v6-m/nofp\libg_nano.a
LOAD C:/ST/STM32CubeCLT_1.18.0/GNU-tools-for-STM32/bin/../lib/gcc/arm-none-eabi/13.3.1/../../../../arm-none-eabi/lib/thumb/v6-m/nofp\libc_nano.a
END GROUP
START GROUP
LOAD C:/ST/STM32CubeCLT_1.18.0/GNU-tools-for-STM32/bin/../lib/gcc/arm-none-eabi/13.3.1/thumb/v6-m/nofp\libgcc.a
LOAD C:/ST/STM32CubeCLT_1.18.0/GNU-tools-for-STM32/bin/../lib/gcc/arm-none-eabi/13.3.1/../../../../arm-none-eabi/lib/thumb/v6-m/nofp\libc_nano.a
END GROUP
LOAD C:/ST/STM32CubeCLT_1.18.0/GNU-tools-for-STM32/bin/../lib/gcc/arm-none-eabi/13.3.1/thumb/v6-m/nofp/crtend.o
LOAD C:/ST/STM32CubeCLT_1.18.0/GNU-tools-for-STM32/bin/../lib/gcc/arm-none-eabi/13.3.1/thumb/v6-m/nofp/crtn.o
                0x20002000                        _estack = (ORIGIN (RAM) + LENGTH (RAM))
                0x00000200                        _Min_Heap_Size = 0x200
                0x00000400                        _Min_Stack_Size = 0x400

.isr_vector     0x08000000       0xc0
                0x08000000                        . = ALIGN (0x4)
 *(.isr_vector)
 .isr_vector    0x08000000       0xc0 CMakeFiles/MatrixDriver.dir/startup_stm32f051x8.s.obj
                0x08000000                g_pfnVectors
                0x080000c0                        . = ALIGN (0x4)

.text           0x080000c0     0x1ab4
                0x080000c0                        . = ALIGN (0x4)
 *(.text)
 .text          0x080000c0       0x48 C:/ST/STM32CubeCLT_1.18.0/GNU-tools-for-STM32/bin/../lib/gcc/arm-none-eabi/13.3.1/thumb/v6-m/nofp/crtbegin.o
 .text          0x08000108      0x114 C:/ST/STM32CubeCLT_1.18.0/GNU-tools-for-STM32/bin/../lib/gcc/arm-none-eabi/13.3.1/thumb/v6-m/nofp\libgcc.a(_udivsi3.o)
                0x08000108                __aeabi_uidiv
                0x08000108                __udivsi3
                0x08000214                __aeabi_uidivmod
 .text          0x0800021c        0x4 C:/ST/STM32CubeCLT_1.18.0/GNU-tools-for-STM32/bin/../lib/gcc/arm-none-eabi/13.3.1/thumb/v6-m/nofp\libgcc.a(_dvmd_tls.o)
                0x0800021c                __aeabi_idiv0
                0x0800021c                __aeabi_ldiv0
 .text          0x08000220       0x40 C:/ST/STM32CubeCLT_1.18.0/GNU-tools-for-STM32/bin/../lib/gcc/arm-none-eabi/13.3.1/thumb/v6-m/nofp\libgcc.a(_ctzsi2.o)
                0x08000220                __ctzsi2
 *(.text*)
 .text.memset   0x08000260       0x10 C:/ST/STM32CubeCLT_1.18.0/GNU-tools-for-STM32/bin/../lib/gcc/arm-none-eabi/13.3.1/../../../../arm-none-eabi/lib/thumb/v6-m/nofp\libc_nano.a(libc_a-memset.o)
                0x08000260                memset
 .text.__libc_init_array
                0x08000270       0x48 C:/ST/STM32CubeCLT_1.18.0/GNU-tools-for-STM32/bin/../lib/gcc/arm-none-eabi/13.3.1/../../../../arm-none-eabi/lib/thumb/v6-m/nofp\libc_nano.a(libc_a-init.o)
                0x08000270                __libc_init_array
 .text.SystemInit
                0x080002b8        0xa cmake/stm32cubemx/CMakeFiles/STM32_Drivers.dir/__/__/Core/Src/system_stm32f0xx.c.obj
                0x080002b8                SystemInit
 .text.HAL_TIM_Base_Init
                0x080002c2       0xa0 cmake/stm32cubemx/CMakeFiles/STM32_Drivers.dir/__/__/Drivers/STM32F0xx_HAL_Driver/Src/stm32f0xx_hal_tim.c.obj
                0x080002c2                HAL_TIM_Base_Init
 *fill*         0x08000362        0x2 
 .text.HAL_TIM_Base_Start
                0x08000364       0x94 cmake/stm32cubemx/CMakeFiles/STM32_Drivers.dir/__/__/Drivers/STM32F0xx_HAL_Driver/Src/stm32f0xx_hal_tim.c.obj
                0x08000364                HAL_TIM_Base_Start
 .text.HAL_TIM_ConfigClockSource
                0x080003f8      0x1a8 cmake/stm32cubemx/CMakeFiles/STM32_Drivers.dir/__/__/Drivers/STM32F0xx_HAL_Driver/Src/stm32f0xx_hal_tim.c.obj
                0x080003f8                HAL_TIM_ConfigClockSource
 .text.TIM_Base_SetConfig
                0x080005a0      0x11c cmake/stm32cubemx/CMakeFiles/STM32_Drivers.dir/__/__/Drivers/STM32F0xx_HAL_Driver/Src/stm32f0xx_hal_tim.c.obj
                0x080005a0                TIM_Base_SetConfig
 .text.TIM_TI1_ConfigInputStage
                0x080006bc       0x5c cmake/stm32cubemx/CMakeFiles/STM32_Drivers.dir/__/__/Drivers/STM32F0xx_HAL_Driver/Src/stm32f0xx_hal_tim.c.obj
 .text.TIM_TI2_ConfigInputStage
                0x08000718       0x64 cmake/stm32cubemx/CMakeFiles/STM32_Drivers.dir/__/__/Drivers/STM32F0xx_HAL_Driver/Src/stm32f0xx_hal_tim.c.obj
 .text.TIM_ITRx_SetConfig
                0x0800077c       0x32 cmake/stm32cubemx/CMakeFiles/STM32_Drivers.dir/__/__/Drivers/STM32F0xx_HAL_Driver/Src/stm32f0xx_hal_tim.c.obj
 *fill*         0x080007ae        0x2 
 .text.TIM_ETR_SetConfig
                0x080007b0       0x40 cmake/stm32cubemx/CMakeFiles/STM32_Drivers.dir/__/__/Drivers/STM32F0xx_HAL_Driver/Src/stm32f0xx_hal_tim.c.obj
                0x080007b0                TIM_ETR_SetConfig
 .text.HAL_TIMEx_MasterConfigSynchronization
                0x080007f0       0xbc cmake/stm32cubemx/CMakeFiles/STM32_Drivers.dir/__/__/Drivers/STM32F0xx_HAL_Driver/Src/stm32f0xx_hal_tim_ex.c.obj
                0x080007f0                HAL_TIMEx_MasterConfigSynchronization
 .text.HAL_RCC_OscConfig
                0x080008ac      0x634 cmake/stm32cubemx/CMakeFiles/STM32_Drivers.dir/__/__/Drivers/STM32F0xx_HAL_Driver/Src/stm32f0xx_hal_rcc.c.obj
                0x080008ac                HAL_RCC_OscConfig
 .text.HAL_RCC_ClockConfig
                0x08000ee0      0x19c cmake/stm32cubemx/CMakeFiles/STM32_Drivers.dir/__/__/Drivers/STM32F0xx_HAL_Driver/Src/stm32f0xx_hal_rcc.c.obj
                0x08000ee0                HAL_RCC_ClockConfig
 .text.HAL_RCC_GetSysClockFreq
                0x0800107c       0xac cmake/stm32cubemx/CMakeFiles/STM32_Drivers.dir/__/__/Drivers/STM32F0xx_HAL_Driver/Src/stm32f0xx_hal_rcc.c.obj
                0x0800107c                HAL_RCC_GetSysClockFreq
 .text.HAL_Init
                0x08001128       0x28 cmake/stm32cubemx/CMakeFiles/STM32_Drivers.dir/__/__/Drivers/STM32F0xx_HAL_Driver/Src/stm32f0xx_hal.c.obj
                0x08001128                HAL_Init
 .text.HAL_InitTick
                0x08001150       0x68 cmake/stm32cubemx/CMakeFiles/STM32_Drivers.dir/__/__/Drivers/STM32F0xx_HAL_Driver/Src/stm32f0xx_hal.c.obj
                0x08001150                HAL_InitTick
 .text.HAL_IncTick
                0x080011b8       0x24 cmake/stm32cubemx/CMakeFiles/STM32_Drivers.dir/__/__/Drivers/STM32F0xx_HAL_Driver/Src/stm32f0xx_hal.c.obj
                0x080011b8                HAL_IncTick
 .text.HAL_GetTick
                0x080011dc       0x14 cmake/stm32cubemx/CMakeFiles/STM32_Drivers.dir/__/__/Drivers/STM32F0xx_HAL_Driver/Src/stm32f0xx_hal.c.obj
                0x080011dc                HAL_GetTick
 .text.HAL_GPIO_Init
                0x080011f0      0x2e0 cmake/stm32cubemx/CMakeFiles/STM32_Drivers.dir/__/__/Drivers/STM32F0xx_HAL_Driver/Src/stm32f0xx_hal_gpio.c.obj
                0x080011f0                HAL_GPIO_Init
 .text.HAL_GPIO_WritePin
                0x080014d0       0x3a cmake/stm32cubemx/CMakeFiles/STM32_Drivers.dir/__/__/Drivers/STM32F0xx_HAL_Driver/Src/stm32f0xx_hal_gpio.c.obj
                0x080014d0                HAL_GPIO_WritePin
 *fill*         0x0800150a        0x2 
 .text.__NVIC_SetPriority
                0x0800150c       0xdc cmake/stm32cubemx/CMakeFiles/STM32_Drivers.dir/__/__/Drivers/STM32F0xx_HAL_Driver/Src/stm32f0xx_hal_cortex.c.obj
 .text.SysTick_Config
                0x080015e8       0x48 cmake/stm32cubemx/CMakeFiles/STM32_Drivers.dir/__/__/Drivers/STM32F0xx_HAL_Driver/Src/stm32f0xx_hal_cortex.c.obj
 .text.HAL_NVIC_SetPriority
                0x08001630       0x2a cmake/stm32cubemx/CMakeFiles/STM32_Drivers.dir/__/__/Drivers/STM32F0xx_HAL_Driver/Src/stm32f0xx_hal_cortex.c.obj
                0x08001630                HAL_NVIC_SetPriority
 .text.HAL_SYSTICK_Config
                0x0800165a       0x1a cmake/stm32cubemx/CMakeFiles/STM32_Drivers.dir/__/__/Drivers/STM32F0xx_HAL_Driver/Src/stm32f0xx_hal_cortex.c.obj
                0x0800165a                HAL_SYSTICK_Config
 .text.main     0x08001674       0x78 CMakeFiles/MatrixDriver.dir/Core/Src/main.c.obj
                0x08001674                main
 .text.SystemClock_Config
                0x080016ec       0x80 CMakeFiles/MatrixDriver.dir/Core/Src/main.c.obj
                0x080016ec                SystemClock_Config
 .text.MX_TIM3_Init
                0x0800176c       0xac CMakeFiles/MatrixDriver.dir/Core/Src/main.c.obj
 .text.MX_GPIO_Init
                0x08001818       0x84 CMakeFiles/MatrixDriver.dir/Core/Src/main.c.obj
 .text.Error_Handler
                0x0800189c        0xc CMakeFiles/MatrixDriver.dir/Core/Src/main.c.obj
                0x0800189c                Error_Handler
 .text.NMI_Handler
                0x080018a8        0x8 CMakeFiles/MatrixDriver.dir/Core/Src/stm32f0xx_it.c.obj
                0x080018a8                NMI_Handler
 .text.HardFault_Handler
                0x080018b0        0x8 CMakeFiles/MatrixDriver.dir/Core/Src/stm32f0xx_it.c.obj
                0x080018b0                HardFault_Handler
 .text.SVC_Handler
                0x080018b8        0xa CMakeFiles/MatrixDriver.dir/Core/Src/stm32f0xx_it.c.obj
                0x080018b8                SVC_Handler
 .text.PendSV_Handler
                0x080018c2        0xa CMakeFiles/MatrixDriver.dir/Core/Src/stm32f0xx_it.c.obj
                0x080018c2                PendSV_Handler
 .text.SysTick_Handler
                0x080018cc        0xe CMakeFiles/MatrixDriver.dir/Core/Src/stm32f0xx_it.c.obj
                0x080018cc                SysTick_Handler
 *fill*         0x080018da        0x2 
 .text.HAL_MspInit
                0x080018dc       0x48 CMakeFiles/MatrixDriver.dir/Core/Src/stm32f0xx_hal_msp.c.obj
                0x080018dc                HAL_MspInit
 .text.HAL_TIM_Base_MspInit
                0x08001924       0x3c CMakeFiles/MatrixDriver.dir/Core/Src/stm32f0xx_hal_msp.c.obj
                0x08001924                HAL_TIM_Base_MspInit
 .text.Reset_Handler
                0x08001960       0x50 CMakeFiles/MatrixDriver.dir/startup_stm32f051x8.s.obj
                0x08001960                Reset_Handler
 .text.Default_Handler
                0x080019b0        0x2 CMakeFiles/MatrixDriver.dir/startup_stm32f051x8.s.obj
                0x080019b0                TIM1_CC_IRQHandler
                0x080019b0                TSC_IRQHandler
                0x080019b0                ADC1_COMP_IRQHandler
                0x080019b0                PVD_IRQHandler
                0x080019b0                I2C1_IRQHandler
                0x080019b0                RCC_CRS_IRQHandler
                0x080019b0                SPI1_IRQHandler
                0x080019b0                TIM6_DAC_IRQHandler
                0x080019b0                EXTI2_3_IRQHandler
                0x080019b0                I2C2_IRQHandler
                0x080019b0                TIM17_IRQHandler
                0x080019b0                CEC_CAN_IRQHandler
                0x080019b0                RTC_IRQHandler
                0x080019b0                TIM16_IRQHandler
                0x080019b0                TIM3_IRQHandler
                0x080019b0                EXTI4_15_IRQHandler
                0x080019b0                DMA1_Channel1_IRQHandler
                0x080019b0                Default_Handler
                0x080019b0                TIM14_IRQHandler
                0x080019b0                DMA1_Channel4_5_IRQHandler
                0x080019b0                TIM15_IRQHandler
                0x080019b0                EXTI0_1_IRQHandler
                0x080019b0                SPI2_IRQHandler
                0x080019b0                WWDG_IRQHandler
                0x080019b0                TIM2_IRQHandler
                0x080019b0                DMA1_Channel2_3_IRQHandler
                0x080019b0                USART2_IRQHandler
                0x080019b0                FLASH_IRQHandler
                0x080019b0                USART1_IRQHandler
                0x080019b0                TIM1_BRK_UP_TRG_COM_IRQHandler
 .text.Matrix_Init
                0x080019b2       0x84 CMakeFiles/MatrixDriver.dir/Core/Src/matrixstate.c.obj
                0x080019b2                Matrix_Init
 .text.Matrix_Clear
                0x08001a36       0x30 CMakeFiles/MatrixDriver.dir/Core/Src/matrixstate.c.obj
                0x08001a36                Matrix_Clear
 *fill*         0x08001a66        0x2 
 .text.multiplexado
                0x08001a68       0xc0 CMakeFiles/MatrixDriver.dir/Core/Src/matrixstate.c.obj
                0x08001a68                multiplexado
 .text.Delay_us
                0x08001b28       0x34 CMakeFiles/MatrixDriver.dir/Core/Src/utils.c.obj
                0x08001b28                Delay_us
 *(.glue_7)
 .glue_7        0x08001b5c        0x0 linker stubs
 *(.glue_7t)
 .glue_7t       0x08001b5c        0x0 linker stubs
 *(.eh_frame)
 .eh_frame      0x08001b5c        0x0 C:/ST/STM32CubeCLT_1.18.0/GNU-tools-for-STM32/bin/../lib/gcc/arm-none-eabi/13.3.1/thumb/v6-m/nofp/crtbegin.o
 *(.init)
 .init          0x08001b5c        0x4 C:/ST/STM32CubeCLT_1.18.0/GNU-tools-for-STM32/bin/../lib/gcc/arm-none-eabi/13.3.1/thumb/v6-m/nofp/crti.o
                0x08001b5c                _init
 .init          0x08001b60        0x8 C:/ST/STM32CubeCLT_1.18.0/GNU-tools-for-STM32/bin/../lib/gcc/arm-none-eabi/13.3.1/thumb/v6-m/nofp/crtn.o
 *(.fini)
 .fini          0x08001b68        0x4 C:/ST/STM32CubeCLT_1.18.0/GNU-tools-for-STM32/bin/../lib/gcc/arm-none-eabi/13.3.1/thumb/v6-m/nofp/crti.o
                0x08001b68                _fini
 .fini          0x08001b6c        0x8 C:/ST/STM32CubeCLT_1.18.0/GNU-tools-for-STM32/bin/../lib/gcc/arm-none-eabi/13.3.1/thumb/v6-m/nofp/crtn.o
                0x08001b74                        . = ALIGN (0x4)
                0x08001b74                        _etext = .

.vfp11_veneer   0x08001b74        0x0
 .vfp11_veneer  0x08001b74        0x0 linker stubs

.v4_bx          0x08001b74        0x0
 .v4_bx         0x08001b74        0x0 linker stubs

.iplt           0x08001b74        0x0
 .iplt          0x08001b74        0x0 C:/ST/STM32CubeCLT_1.18.0/GNU-tools-for-STM32/bin/../lib/gcc/arm-none-eabi/13.3.1/thumb/v6-m/nofp/crtbegin.o

.rodata         0x08001b74       0x30
                0x08001b74                        . = ALIGN (0x4)
 *(.rodata)
 *(.rodata*)
 .rodata.AHBPrescTable
                0x08001b74       0x10 cmake/stm32cubemx/CMakeFiles/STM32_Drivers.dir/__/__/Core/Src/system_stm32f0xx.c.obj
                0x08001b74                AHBPrescTable
 .rodata.aPLLMULFactorTable.1
                0x08001b84       0x10 cmake/stm32cubemx/CMakeFiles/STM32_Drivers.dir/__/__/Drivers/STM32F0xx_HAL_Driver/Src/stm32f0xx_hal_rcc.c.obj
 .rodata.aPredivFactorTable.0
                0x08001b94       0x10 cmake/stm32cubemx/CMakeFiles/STM32_Drivers.dir/__/__/Drivers/STM32F0xx_HAL_Driver/Src/stm32f0xx_hal_rcc.c.obj
                0x08001ba4                        . = ALIGN (0x4)

.ARM.extab      0x08001ba4        0x0
                0x08001ba4                        . = ALIGN (0x4)
 *(.ARM.extab* .gnu.linkonce.armextab.*)
                0x08001ba4                        . = ALIGN (0x4)

.ARM            0x08001ba4        0x0
                0x08001ba4                        . = ALIGN (0x4)
                0x08001ba4                        __exidx_start = .
 *(.ARM.exidx*)
                0x08001ba4                        __exidx_end = .
                0x08001ba4                        . = ALIGN (0x4)

.preinit_array  0x08001ba4        0x0
                0x08001ba4                        . = ALIGN (0x4)
                0x08001ba4                        PROVIDE (__preinit_array_start = .)
 *(.preinit_array*)
                0x08001ba4                        PROVIDE (__preinit_array_end = .)
                0x08001ba4                        . = ALIGN (0x4)

.init_array     0x08001ba4        0x4
                0x08001ba4                        . = ALIGN (0x4)
                0x08001ba4                        PROVIDE (__init_array_start = .)
 *(SORT_BY_NAME(.init_array.*))
 *(.init_array*)
 .init_array    0x08001ba4        0x4 C:/ST/STM32CubeCLT_1.18.0/GNU-tools-for-STM32/bin/../lib/gcc/arm-none-eabi/13.3.1/thumb/v6-m/nofp/crtbegin.o
                0x08001ba8                        PROVIDE (__init_array_end = .)
                0x08001ba8                        . = ALIGN (0x4)

.fini_array     0x08001ba8        0x4
                0x08001ba8                        . = ALIGN (0x4)
                [!provide]                        PROVIDE (__fini_array_start = .)
 *(SORT_BY_NAME(.fini_array.*))
 *(.fini_array*)
 .fini_array    0x08001ba8        0x4 C:/ST/STM32CubeCLT_1.18.0/GNU-tools-for-STM32/bin/../lib/gcc/arm-none-eabi/13.3.1/thumb/v6-m/nofp/crtbegin.o
                [!provide]                        PROVIDE (__fini_array_end = .)
                0x08001bac                        . = ALIGN (0x4)
                0x08001bac                        _sidata = LOADADDR (.data)

.rel.dyn        0x08001bac        0x0
 .rel.iplt      0x08001bac        0x0 C:/ST/STM32CubeCLT_1.18.0/GNU-tools-for-STM32/bin/../lib/gcc/arm-none-eabi/13.3.1/thumb/v6-m/nofp/crtbegin.o

.data           0x20000000       0x14 load address 0x08001bac
                0x20000000                        . = ALIGN (0x4)
                0x20000000                        _sdata = .
 *(.data)
 *(.data*)
 .data.SystemCoreClock
                0x20000000        0x4 cmake/stm32cubemx/CMakeFiles/STM32_Drivers.dir/__/__/Core/Src/system_stm32f0xx.c.obj
                0x20000000                SystemCoreClock
 .data.uwTickPrio
                0x20000004        0x4 cmake/stm32cubemx/CMakeFiles/STM32_Drivers.dir/__/__/Drivers/STM32F0xx_HAL_Driver/Src/stm32f0xx_hal.c.obj
                0x20000004                uwTickPrio
 .data.uwTickFreq
                0x20000008        0x1 cmake/stm32cubemx/CMakeFiles/STM32_Drivers.dir/__/__/Drivers/STM32F0xx_HAL_Driver/Src/stm32f0xx_hal.c.obj
                0x20000008                uwTickFreq
 *fill*         0x20000009        0x3 
 .data.arr_sketch
                0x2000000c        0x5 CMakeFiles/MatrixDriver.dir/Core/Src/matrixstate.c.obj
                0x2000000c                arr_sketch
 *(.RamFunc)
 *(.RamFunc*)
                0x20000014                        . = ALIGN (0x4)
 *fill*         0x20000011        0x3 
                0x20000014                        _edata = .

.igot.plt       0x20000014        0x0 load address 0x08001bc0
 .igot.plt      0x20000014        0x0 C:/ST/STM32CubeCLT_1.18.0/GNU-tools-for-STM32/bin/../lib/gcc/arm-none-eabi/13.3.1/thumb/v6-m/nofp/crtbegin.o
                0x20000014                        . = ALIGN (0x4)

.bss            0x20000014       0x68 load address 0x08001bc0
                0x20000014                        _sbss = .
                0x20000014                        __bss_start__ = _sbss
 *(.bss)
 .bss           0x20000014       0x1c C:/ST/STM32CubeCLT_1.18.0/GNU-tools-for-STM32/bin/../lib/gcc/arm-none-eabi/13.3.1/thumb/v6-m/nofp/crtbegin.o
 *(.bss*)
 .bss.uwTick    0x20000030        0x4 cmake/stm32cubemx/CMakeFiles/STM32_Drivers.dir/__/__/Drivers/STM32F0xx_HAL_Driver/Src/stm32f0xx_hal.c.obj
                0x20000030                uwTick
 .bss.htim3     0x20000034       0x48 CMakeFiles/MatrixDriver.dir/Core/Src/main.c.obj
                0x20000034                htim3
 *(COMMON)
                0x2000007c                        . = ALIGN (0x4)
                0x2000007c                        _ebss = .
                0x2000007c                        __bss_end__ = _ebss

._user_heap_stack
                0x2000007c      0x604 load address 0x08001bc0
                0x20000080                        . = ALIGN (0x8)
 *fill*         0x2000007c        0x4 
                [!provide]                        PROVIDE (end = .)
                0x20000080                        PROVIDE (_end = .)
                0x20000280                        . = (. + _Min_Heap_Size)
 *fill*         0x20000080      0x200 
                0x20000680                        . = (. + _Min_Stack_Size)
 *fill*         0x20000280      0x400 
                0x20000680                        . = ALIGN (0x8)

/DISCARD/
 libc.a(*)
 libm.a(*)
 libgcc.a(*)
OUTPUT(MatrixDriver.elf elf32-littlearm)
LOAD linker stubs
LOAD C:/ST/STM32CubeCLT_1.18.0/GNU-tools-for-STM32/bin/../lib/gcc/arm-none-eabi/13.3.1/../../../../arm-none-eabi/lib/thumb/v6-m/nofp\libc.a
LOAD C:/ST/STM32CubeCLT_1.18.0/GNU-tools-for-STM32/bin/../lib/gcc/arm-none-eabi/13.3.1/../../../../arm-none-eabi/lib/thumb/v6-m/nofp\libm.a
LOAD C:/ST/STM32CubeCLT_1.18.0/GNU-tools-for-STM32/bin/../lib/gcc/arm-none-eabi/13.3.1/thumb/v6-m/nofp\libgcc.a

.ARM.attributes
                0x00000000       0x28
 .ARM.attributes
                0x00000000       0x1e C:/ST/STM32CubeCLT_1.18.0/GNU-tools-for-STM32/bin/../lib/gcc/arm-none-eabi/13.3.1/thumb/v6-m/nofp/crti.o
 .ARM.attributes
                0x0000001e       0x2c C:/ST/STM32CubeCLT_1.18.0/GNU-tools-for-STM32/bin/../lib/gcc/arm-none-eabi/13.3.1/thumb/v6-m/nofp/crtbegin.o
 .ARM.attributes
                0x0000004a       0x2c C:/ST/STM32CubeCLT_1.18.0/GNU-tools-for-STM32/bin/../lib/gcc/arm-none-eabi/13.3.1/../../../../arm-none-eabi/lib/thumb/v6-m/nofp\libc_nano.a(libc_a-memset.o)
 .ARM.attributes
                0x00000076       0x2c C:/ST/STM32CubeCLT_1.18.0/GNU-tools-for-STM32/bin/../lib/gcc/arm-none-eabi/13.3.1/../../../../arm-none-eabi/lib/thumb/v6-m/nofp\libc_nano.a(libc_a-init.o)
 .ARM.attributes
                0x000000a2       0x2c cmake/stm32cubemx/CMakeFiles/STM32_Drivers.dir/__/__/Core/Src/system_stm32f0xx.c.obj
 .ARM.attributes
                0x000000ce       0x2c cmake/stm32cubemx/CMakeFiles/STM32_Drivers.dir/__/__/Drivers/STM32F0xx_HAL_Driver/Src/stm32f0xx_hal_tim.c.obj
 .ARM.attributes
                0x000000fa       0x2c cmake/stm32cubemx/CMakeFiles/STM32_Drivers.dir/__/__/Drivers/STM32F0xx_HAL_Driver/Src/stm32f0xx_hal_tim_ex.c.obj
 .ARM.attributes
                0x00000126       0x2c cmake/stm32cubemx/CMakeFiles/STM32_Drivers.dir/__/__/Drivers/STM32F0xx_HAL_Driver/Src/stm32f0xx_hal_rcc.c.obj
 .ARM.attributes
                0x00000152       0x2c cmake/stm32cubemx/CMakeFiles/STM32_Drivers.dir/__/__/Drivers/STM32F0xx_HAL_Driver/Src/stm32f0xx_hal.c.obj
 .ARM.attributes
                0x0000017e       0x2c cmake/stm32cubemx/CMakeFiles/STM32_Drivers.dir/__/__/Drivers/STM32F0xx_HAL_Driver/Src/stm32f0xx_hal_gpio.c.obj
 .ARM.attributes
                0x000001aa       0x2c cmake/stm32cubemx/CMakeFiles/STM32_Drivers.dir/__/__/Drivers/STM32F0xx_HAL_Driver/Src/stm32f0xx_hal_cortex.c.obj
 .ARM.attributes
                0x000001d6       0x2c CMakeFiles/MatrixDriver.dir/Core/Src/main.c.obj
 .ARM.attributes
                0x00000202       0x2c CMakeFiles/MatrixDriver.dir/Core/Src/stm32f0xx_it.c.obj
 .ARM.attributes
                0x0000022e       0x2c CMakeFiles/MatrixDriver.dir/Core/Src/stm32f0xx_hal_msp.c.obj
 .ARM.attributes
                0x0000025a       0x21 CMakeFiles/MatrixDriver.dir/startup_stm32f051x8.s.obj
 .ARM.attributes
                0x0000027b       0x2c CMakeFiles/MatrixDriver.dir/Core/Src/matrixstate.c.obj
 .ARM.attributes
                0x000002a7       0x2c CMakeFiles/MatrixDriver.dir/Core/Src/utils.c.obj
 .ARM.attributes
                0x000002d3       0x1e C:/ST/STM32CubeCLT_1.18.0/GNU-tools-for-STM32/bin/../lib/gcc/arm-none-eabi/13.3.1/thumb/v6-m/nofp\libgcc.a(_udivsi3.o)
 .ARM.attributes
                0x000002f1       0x1e C:/ST/STM32CubeCLT_1.18.0/GNU-tools-for-STM32/bin/../lib/gcc/arm-none-eabi/13.3.1/thumb/v6-m/nofp\libgcc.a(_dvmd_tls.o)
 .ARM.attributes
                0x0000030f       0x1e C:/ST/STM32CubeCLT_1.18.0/GNU-tools-for-STM32/bin/../lib/gcc/arm-none-eabi/13.3.1/thumb/v6-m/nofp\libgcc.a(_ctzsi2.o)
 .ARM.attributes
                0x0000032d       0x1e C:/ST/STM32CubeCLT_1.18.0/GNU-tools-for-STM32/bin/../lib/gcc/arm-none-eabi/13.3.1/thumb/v6-m/nofp/crtn.o

.comment        0x00000000       0x43
 .comment       0x00000000       0x43 cmake/stm32cubemx/CMakeFiles/STM32_Drivers.dir/__/__/Core/Src/system_stm32f0xx.c.obj
                                 0x44 (size before relaxing)
 .comment       0x00000043       0x44 cmake/stm32cubemx/CMakeFiles/STM32_Drivers.dir/__/__/Drivers/STM32F0xx_HAL_Driver/Src/stm32f0xx_hal_tim.c.obj
 .comment       0x00000043       0x44 cmake/stm32cubemx/CMakeFiles/STM32_Drivers.dir/__/__/Drivers/STM32F0xx_HAL_Driver/Src/stm32f0xx_hal_tim_ex.c.obj
 .comment       0x00000043       0x44 cmake/stm32cubemx/CMakeFiles/STM32_Drivers.dir/__/__/Drivers/STM32F0xx_HAL_Driver/Src/stm32f0xx_hal_rcc.c.obj
 .comment       0x00000043       0x44 cmake/stm32cubemx/CMakeFiles/STM32_Drivers.dir/__/__/Drivers/STM32F0xx_HAL_Driver/Src/stm32f0xx_hal.c.obj
 .comment       0x00000043       0x44 cmake/stm32cubemx/CMakeFiles/STM32_Drivers.dir/__/__/Drivers/STM32F0xx_HAL_Driver/Src/stm32f0xx_hal_gpio.c.obj
 .comment       0x00000043       0x44 cmake/stm32cubemx/CMakeFiles/STM32_Drivers.dir/__/__/Drivers/STM32F0xx_HAL_Driver/Src/stm32f0xx_hal_cortex.c.obj
 .comment       0x00000043       0x44 CMakeFiles/MatrixDriver.dir/Core/Src/main.c.obj
 .comment       0x00000043       0x44 CMakeFiles/MatrixDriver.dir/Core/Src/stm32f0xx_it.c.obj
 .comment       0x00000043       0x44 CMakeFiles/MatrixDriver.dir/Core/Src/stm32f0xx_hal_msp.c.obj
 .comment       0x00000043       0x44 CMakeFiles/MatrixDriver.dir/Core/Src/matrixstate.c.obj
 .comment       0x00000043       0x44 CMakeFiles/MatrixDriver.dir/Core/Src/utils.c.obj

.debug_frame    0x00000000     0x1f7c
 .debug_frame   0x00000000       0x20 C:/ST/STM32CubeCLT_1.18.0/GNU-tools-for-STM32/bin/../lib/gcc/arm-none-eabi/13.3.1/../../../../arm-none-eabi/lib/thumb/v6-m/nofp\libc_nano.a(libc_a-memset.o)
 .debug_frame   0x00000020       0x2c C:/ST/STM32CubeCLT_1.18.0/GNU-tools-for-STM32/bin/../lib/gcc/arm-none-eabi/13.3.1/../../../../arm-none-eabi/lib/thumb/v6-m/nofp\libc_nano.a(libc_a-init.o)
 .debug_frame   0x0000004c       0x4c cmake/stm32cubemx/CMakeFiles/STM32_Drivers.dir/__/__/Core/Src/system_stm32f0xx.c.obj
 .debug_frame   0x00000098      0xf00 cmake/stm32cubemx/CMakeFiles/STM32_Drivers.dir/__/__/Drivers/STM32F0xx_HAL_Driver/Src/stm32f0xx_hal_tim.c.obj
 .debug_frame   0x00000f98      0x560 cmake/stm32cubemx/CMakeFiles/STM32_Drivers.dir/__/__/Drivers/STM32F0xx_HAL_Driver/Src/stm32f0xx_hal_tim_ex.c.obj
 .debug_frame   0x000014f8      0x198 cmake/stm32cubemx/CMakeFiles/STM32_Drivers.dir/__/__/Drivers/STM32F0xx_HAL_Driver/Src/stm32f0xx_hal_rcc.c.obj
 .debug_frame   0x00001690      0x2a4 cmake/stm32cubemx/CMakeFiles/STM32_Drivers.dir/__/__/Drivers/STM32F0xx_HAL_Driver/Src/stm32f0xx_hal.c.obj
 .debug_frame   0x00001934      0x110 cmake/stm32cubemx/CMakeFiles/STM32_Drivers.dir/__/__/Drivers/STM32F0xx_HAL_Driver/Src/stm32f0xx_hal_gpio.c.obj
 .debug_frame   0x00001a44      0x2a0 cmake/stm32cubemx/CMakeFiles/STM32_Drivers.dir/__/__/Drivers/STM32F0xx_HAL_Driver/Src/stm32f0xx_hal_cortex.c.obj
 .debug_frame   0x00001ce4       0xac CMakeFiles/MatrixDriver.dir/Core/Src/main.c.obj
 .debug_frame   0x00001d90       0x9c CMakeFiles/MatrixDriver.dir/Core/Src/stm32f0xx_it.c.obj
 .debug_frame   0x00001e2c       0x70 CMakeFiles/MatrixDriver.dir/Core/Src/stm32f0xx_hal_msp.c.obj
 .debug_frame   0x00001e9c       0x90 CMakeFiles/MatrixDriver.dir/Core/Src/matrixstate.c.obj
 .debug_frame   0x00001f2c       0x30 CMakeFiles/MatrixDriver.dir/Core/Src/utils.c.obj
 .debug_frame   0x00001f5c       0x20 C:/ST/STM32CubeCLT_1.18.0/GNU-tools-for-STM32/bin/../lib/gcc/arm-none-eabi/13.3.1/thumb/v6-m/nofp\libgcc.a(_udivsi3.o)

.debug_info     0x00000000     0x7a04
 .debug_info    0x00000000      0x242 cmake/stm32cubemx/CMakeFiles/STM32_Drivers.dir/__/__/Core/Src/system_stm32f0xx.c.obj
 .debug_info    0x00000242     0x2946 cmake/stm32cubemx/CMakeFiles/STM32_Drivers.dir/__/__/Drivers/STM32F0xx_HAL_Driver/Src/stm32f0xx_hal_tim.c.obj
 .debug_info    0x00002b88     0x1488 cmake/stm32cubemx/CMakeFiles/STM32_Drivers.dir/__/__/Drivers/STM32F0xx_HAL_Driver/Src/stm32f0xx_hal_tim_ex.c.obj
 .debug_info    0x00004010      0x833 cmake/stm32cubemx/CMakeFiles/STM32_Drivers.dir/__/__/Drivers/STM32F0xx_HAL_Driver/Src/stm32f0xx_hal_rcc.c.obj
 .debug_info    0x00004843      0x6a9 cmake/stm32cubemx/CMakeFiles/STM32_Drivers.dir/__/__/Drivers/STM32F0xx_HAL_Driver/Src/stm32f0xx_hal.c.obj
 .debug_info    0x00004eec      0x5b4 cmake/stm32cubemx/CMakeFiles/STM32_Drivers.dir/__/__/Drivers/STM32F0xx_HAL_Driver/Src/stm32f0xx_hal_gpio.c.obj
 .debug_info    0x000054a0      0x6b3 cmake/stm32cubemx/CMakeFiles/STM32_Drivers.dir/__/__/Drivers/STM32F0xx_HAL_Driver/Src/stm32f0xx_hal_cortex.c.obj
 .debug_info    0x00005b53      0xcc6 CMakeFiles/MatrixDriver.dir/Core/Src/main.c.obj
 .debug_info    0x00006819       0xd3 CMakeFiles/MatrixDriver.dir/Core/Src/stm32f0xx_it.c.obj
 .debug_info    0x000068ec      0x73d CMakeFiles/MatrixDriver.dir/Core/Src/stm32f0xx_hal_msp.c.obj
 .debug_info    0x00007029       0x30 CMakeFiles/MatrixDriver.dir/startup_stm32f051x8.s.obj
 .debug_info    0x00007059      0x3a4 CMakeFiles/MatrixDriver.dir/Core/Src/matrixstate.c.obj
 .debug_info    0x000073fd      0x607 CMakeFiles/MatrixDriver.dir/Core/Src/utils.c.obj

.debug_abbrev   0x00000000     0x176d
 .debug_abbrev  0x00000000      0x11c cmake/stm32cubemx/CMakeFiles/STM32_Drivers.dir/__/__/Core/Src/system_stm32f0xx.c.obj
 .debug_abbrev  0x0000011c      0x28c cmake/stm32cubemx/CMakeFiles/STM32_Drivers.dir/__/__/Drivers/STM32F0xx_HAL_Driver/Src/stm32f0xx_hal_tim.c.obj
 .debug_abbrev  0x000003a8      0x297 cmake/stm32cubemx/CMakeFiles/STM32_Drivers.dir/__/__/Drivers/STM32F0xx_HAL_Driver/Src/stm32f0xx_hal_tim_ex.c.obj
 .debug_abbrev  0x0000063f      0x28c cmake/stm32cubemx/CMakeFiles/STM32_Drivers.dir/__/__/Drivers/STM32F0xx_HAL_Driver/Src/stm32f0xx_hal_rcc.c.obj
 .debug_abbrev  0x000008cb      0x247 cmake/stm32cubemx/CMakeFiles/STM32_Drivers.dir/__/__/Drivers/STM32F0xx_HAL_Driver/Src/stm32f0xx_hal.c.obj
 .debug_abbrev  0x00000b12      0x1ca cmake/stm32cubemx/CMakeFiles/STM32_Drivers.dir/__/__/Drivers/STM32F0xx_HAL_Driver/Src/stm32f0xx_hal_gpio.c.obj
 .debug_abbrev  0x00000cdc      0x28c cmake/stm32cubemx/CMakeFiles/STM32_Drivers.dir/__/__/Drivers/STM32F0xx_HAL_Driver/Src/stm32f0xx_hal_cortex.c.obj
 .debug_abbrev  0x00000f68      0x28d CMakeFiles/MatrixDriver.dir/Core/Src/main.c.obj
 .debug_abbrev  0x000011f5       0x73 CMakeFiles/MatrixDriver.dir/Core/Src/stm32f0xx_it.c.obj
 .debug_abbrev  0x00001268      0x1a3 CMakeFiles/MatrixDriver.dir/Core/Src/stm32f0xx_hal_msp.c.obj
 .debug_abbrev  0x0000140b       0x24 CMakeFiles/MatrixDriver.dir/startup_stm32f051x8.s.obj
 .debug_abbrev  0x0000142f      0x1cc CMakeFiles/MatrixDriver.dir/Core/Src/matrixstate.c.obj
 .debug_abbrev  0x000015fb      0x172 CMakeFiles/MatrixDriver.dir/Core/Src/utils.c.obj

.debug_aranges  0x00000000      0x8f8
 .debug_aranges
                0x00000000       0x28 cmake/stm32cubemx/CMakeFiles/STM32_Drivers.dir/__/__/Core/Src/system_stm32f0xx.c.obj
 .debug_aranges
                0x00000028      0x3d0 cmake/stm32cubemx/CMakeFiles/STM32_Drivers.dir/__/__/Drivers/STM32F0xx_HAL_Driver/Src/stm32f0xx_hal_tim.c.obj
 .debug_aranges
                0x000003f8      0x168 cmake/stm32cubemx/CMakeFiles/STM32_Drivers.dir/__/__/Drivers/STM32F0xx_HAL_Driver/Src/stm32f0xx_hal_tim_ex.c.obj
 .debug_aranges
                0x00000560       0x80 cmake/stm32cubemx/CMakeFiles/STM32_Drivers.dir/__/__/Drivers/STM32F0xx_HAL_Driver/Src/stm32f0xx_hal_rcc.c.obj
 .debug_aranges
                0x000005e0       0xd0 cmake/stm32cubemx/CMakeFiles/STM32_Drivers.dir/__/__/Drivers/STM32F0xx_HAL_Driver/Src/stm32f0xx_hal.c.obj
 .debug_aranges
                0x000006b0       0x58 cmake/stm32cubemx/CMakeFiles/STM32_Drivers.dir/__/__/Drivers/STM32F0xx_HAL_Driver/Src/stm32f0xx_hal_gpio.c.obj
 .debug_aranges
                0x00000708       0xc0 cmake/stm32cubemx/CMakeFiles/STM32_Drivers.dir/__/__/Drivers/STM32F0xx_HAL_Driver/Src/stm32f0xx_hal_cortex.c.obj
 .debug_aranges
                0x000007c8       0x40 CMakeFiles/MatrixDriver.dir/Core/Src/main.c.obj
 .debug_aranges
                0x00000808       0x40 CMakeFiles/MatrixDriver.dir/Core/Src/stm32f0xx_it.c.obj
 .debug_aranges
                0x00000848       0x30 CMakeFiles/MatrixDriver.dir/Core/Src/stm32f0xx_hal_msp.c.obj
 .debug_aranges
                0x00000878       0x28 CMakeFiles/MatrixDriver.dir/startup_stm32f051x8.s.obj
 .debug_aranges
                0x000008a0       0x38 CMakeFiles/MatrixDriver.dir/Core/Src/matrixstate.c.obj
 .debug_aranges
                0x000008d8       0x20 CMakeFiles/MatrixDriver.dir/Core/Src/utils.c.obj

.debug_rnglists
                0x00000000      0x6e9
 .debug_rnglists
                0x00000000       0x1a cmake/stm32cubemx/CMakeFiles/STM32_Drivers.dir/__/__/Core/Src/system_stm32f0xx.c.obj
 .debug_rnglists
                0x0000001a      0x31c cmake/stm32cubemx/CMakeFiles/STM32_Drivers.dir/__/__/Drivers/STM32F0xx_HAL_Driver/Src/stm32f0xx_hal_tim.c.obj
 .debug_rnglists
                0x00000336      0x126 cmake/stm32cubemx/CMakeFiles/STM32_Drivers.dir/__/__/Drivers/STM32F0xx_HAL_Driver/Src/stm32f0xx_hal_tim_ex.c.obj
 .debug_rnglists
                0x0000045c       0x60 cmake/stm32cubemx/CMakeFiles/STM32_Drivers.dir/__/__/Drivers/STM32F0xx_HAL_Driver/Src/stm32f0xx_hal_rcc.c.obj
 .debug_rnglists
                0x000004bc       0x97 cmake/stm32cubemx/CMakeFiles/STM32_Drivers.dir/__/__/Drivers/STM32F0xx_HAL_Driver/Src/stm32f0xx_hal.c.obj
 .debug_rnglists
                0x00000553       0x3f cmake/stm32cubemx/CMakeFiles/STM32_Drivers.dir/__/__/Drivers/STM32F0xx_HAL_Driver/Src/stm32f0xx_hal_gpio.c.obj
 .debug_rnglists
                0x00000592       0x8c cmake/stm32cubemx/CMakeFiles/STM32_Drivers.dir/__/__/Drivers/STM32F0xx_HAL_Driver/Src/stm32f0xx_hal_cortex.c.obj
 .debug_rnglists
                0x0000061e       0x2e CMakeFiles/MatrixDriver.dir/Core/Src/main.c.obj
 .debug_rnglists
                0x0000064c       0x2b CMakeFiles/MatrixDriver.dir/Core/Src/stm32f0xx_it.c.obj
 .debug_rnglists
                0x00000677       0x1f CMakeFiles/MatrixDriver.dir/Core/Src/stm32f0xx_hal_msp.c.obj
 .debug_rnglists
                0x00000696       0x19 CMakeFiles/MatrixDriver.dir/startup_stm32f051x8.s.obj
 .debug_rnglists
                0x000006af       0x27 CMakeFiles/MatrixDriver.dir/Core/Src/matrixstate.c.obj
 .debug_rnglists
                0x000006d6       0x13 CMakeFiles/MatrixDriver.dir/Core/Src/utils.c.obj

.debug_macro    0x00000000    0x11261
 .debug_macro   0x00000000      0x1ae cmake/stm32cubemx/CMakeFiles/STM32_Drivers.dir/__/__/Core/Src/system_stm32f0xx.c.obj
 .debug_macro   0x000001ae      0xaae cmake/stm32cubemx/CMakeFiles/STM32_Drivers.dir/__/__/Core/Src/system_stm32f0xx.c.obj
 .debug_macro   0x00000c5c       0x2e cmake/stm32cubemx/CMakeFiles/STM32_Drivers.dir/__/__/Core/Src/system_stm32f0xx.c.obj
 .debug_macro   0x00000c8a       0x22 cmake/stm32cubemx/CMakeFiles/STM32_Drivers.dir/__/__/Core/Src/system_stm32f0xx.c.obj
 .debug_macro   0x00000cac       0x22 cmake/stm32cubemx/CMakeFiles/STM32_Drivers.dir/__/__/Core/Src/system_stm32f0xx.c.obj
 .debug_macro   0x00000cce       0x8e cmake/stm32cubemx/CMakeFiles/STM32_Drivers.dir/__/__/Core/Src/system_stm32f0xx.c.obj
 .debug_macro   0x00000d5c       0x51 cmake/stm32cubemx/CMakeFiles/STM32_Drivers.dir/__/__/Core/Src/system_stm32f0xx.c.obj
 .debug_macro   0x00000dad      0x103 cmake/stm32cubemx/CMakeFiles/STM32_Drivers.dir/__/__/Core/Src/system_stm32f0xx.c.obj
 .debug_macro   0x00000eb0       0x6a cmake/stm32cubemx/CMakeFiles/STM32_Drivers.dir/__/__/Core/Src/system_stm32f0xx.c.obj
 .debug_macro   0x00000f1a      0x1df cmake/stm32cubemx/CMakeFiles/STM32_Drivers.dir/__/__/Core/Src/system_stm32f0xx.c.obj
 .debug_macro   0x000010f9       0x1c cmake/stm32cubemx/CMakeFiles/STM32_Drivers.dir/__/__/Core/Src/system_stm32f0xx.c.obj
 .debug_macro   0x00001115       0x22 cmake/stm32cubemx/CMakeFiles/STM32_Drivers.dir/__/__/Core/Src/system_stm32f0xx.c.obj
 .debug_macro   0x00001137       0xaf cmake/stm32cubemx/CMakeFiles/STM32_Drivers.dir/__/__/Core/Src/system_stm32f0xx.c.obj
 .debug_macro   0x000011e6      0x391 cmake/stm32cubemx/CMakeFiles/STM32_Drivers.dir/__/__/Core/Src/system_stm32f0xx.c.obj
 .debug_macro   0x00001577     0x8d00 cmake/stm32cubemx/CMakeFiles/STM32_Drivers.dir/__/__/Core/Src/system_stm32f0xx.c.obj
 .debug_macro   0x0000a277       0x66 cmake/stm32cubemx/CMakeFiles/STM32_Drivers.dir/__/__/Core/Src/system_stm32f0xx.c.obj
 .debug_macro   0x0000a2dd      0x12d cmake/stm32cubemx/CMakeFiles/STM32_Drivers.dir/__/__/Core/Src/system_stm32f0xx.c.obj
 .debug_macro   0x0000a40a     0x34da cmake/stm32cubemx/CMakeFiles/STM32_Drivers.dir/__/__/Core/Src/system_stm32f0xx.c.obj
 .debug_macro   0x0000d8e4      0x190 cmake/stm32cubemx/CMakeFiles/STM32_Drivers.dir/__/__/Core/Src/system_stm32f0xx.c.obj
 .debug_macro   0x0000da74       0x55 cmake/stm32cubemx/CMakeFiles/STM32_Drivers.dir/__/__/Core/Src/system_stm32f0xx.c.obj
 .debug_macro   0x0000dac9      0x924 cmake/stm32cubemx/CMakeFiles/STM32_Drivers.dir/__/__/Core/Src/system_stm32f0xx.c.obj
 .debug_macro   0x0000e3ed      0x251 cmake/stm32cubemx/CMakeFiles/STM32_Drivers.dir/__/__/Core/Src/system_stm32f0xx.c.obj
 .debug_macro   0x0000e63e      0x1ae cmake/stm32cubemx/CMakeFiles/STM32_Drivers.dir/__/__/Core/Src/system_stm32f0xx.c.obj
 .debug_macro   0x0000e7ec      0x114 cmake/stm32cubemx/CMakeFiles/STM32_Drivers.dir/__/__/Core/Src/system_stm32f0xx.c.obj
 .debug_macro   0x0000e900      0x1a0 cmake/stm32cubemx/CMakeFiles/STM32_Drivers.dir/__/__/Core/Src/system_stm32f0xx.c.obj
 .debug_macro   0x0000eaa0      0x1ed cmake/stm32cubemx/CMakeFiles/STM32_Drivers.dir/__/__/Core/Src/system_stm32f0xx.c.obj
 .debug_macro   0x0000ec8d       0x34 cmake/stm32cubemx/CMakeFiles/STM32_Drivers.dir/__/__/Core/Src/system_stm32f0xx.c.obj
 .debug_macro   0x0000ecc1       0x43 cmake/stm32cubemx/CMakeFiles/STM32_Drivers.dir/__/__/Core/Src/system_stm32f0xx.c.obj
 .debug_macro   0x0000ed04       0x28 cmake/stm32cubemx/CMakeFiles/STM32_Drivers.dir/__/__/Core/Src/system_stm32f0xx.c.obj
 .debug_macro   0x0000ed2c       0xb0 cmake/stm32cubemx/CMakeFiles/STM32_Drivers.dir/__/__/Core/Src/system_stm32f0xx.c.obj
 .debug_macro   0x0000eddc      0x199 cmake/stm32cubemx/CMakeFiles/STM32_Drivers.dir/__/__/Core/Src/system_stm32f0xx.c.obj
 .debug_macro   0x0000ef75      0x22c cmake/stm32cubemx/CMakeFiles/STM32_Drivers.dir/__/__/Core/Src/system_stm32f0xx.c.obj
 .debug_macro   0x0000f1a1       0x61 cmake/stm32cubemx/CMakeFiles/STM32_Drivers.dir/__/__/Core/Src/system_stm32f0xx.c.obj
 .debug_macro   0x0000f202       0xa5 cmake/stm32cubemx/CMakeFiles/STM32_Drivers.dir/__/__/Core/Src/system_stm32f0xx.c.obj
 .debug_macro   0x0000f2a7       0x4c cmake/stm32cubemx/CMakeFiles/STM32_Drivers.dir/__/__/Core/Src/system_stm32f0xx.c.obj
 .debug_macro   0x0000f2f3      0x112 cmake/stm32cubemx/CMakeFiles/STM32_Drivers.dir/__/__/Core/Src/system_stm32f0xx.c.obj
 .debug_macro   0x0000f405      0x8f4 cmake/stm32cubemx/CMakeFiles/STM32_Drivers.dir/__/__/Core/Src/system_stm32f0xx.c.obj
 .debug_macro   0x0000fcf9       0x28 cmake/stm32cubemx/CMakeFiles/STM32_Drivers.dir/__/__/Core/Src/system_stm32f0xx.c.obj
 .debug_macro   0x0000fd21      0x114 cmake/stm32cubemx/CMakeFiles/STM32_Drivers.dir/__/__/Core/Src/system_stm32f0xx.c.obj
 .debug_macro   0x0000fe35      0x1af cmake/stm32cubemx/CMakeFiles/STM32_Drivers.dir/__/__/Drivers/STM32F0xx_HAL_Driver/Src/stm32f0xx_hal_tim.c.obj
 .debug_macro   0x0000ffe4      0x1ae cmake/stm32cubemx/CMakeFiles/STM32_Drivers.dir/__/__/Drivers/STM32F0xx_HAL_Driver/Src/stm32f0xx_hal_tim_ex.c.obj
 .debug_macro   0x00010192      0x1c0 cmake/stm32cubemx/CMakeFiles/STM32_Drivers.dir/__/__/Drivers/STM32F0xx_HAL_Driver/Src/stm32f0xx_hal_rcc.c.obj
 .debug_macro   0x00010352      0x1d2 cmake/stm32cubemx/CMakeFiles/STM32_Drivers.dir/__/__/Drivers/STM32F0xx_HAL_Driver/Src/stm32f0xx_hal.c.obj
 .debug_macro   0x00010524      0x1b5 cmake/stm32cubemx/CMakeFiles/STM32_Drivers.dir/__/__/Drivers/STM32F0xx_HAL_Driver/Src/stm32f0xx_hal_gpio.c.obj
 .debug_macro   0x000106d9      0x1ae cmake/stm32cubemx/CMakeFiles/STM32_Drivers.dir/__/__/Drivers/STM32F0xx_HAL_Driver/Src/stm32f0xx_hal_cortex.c.obj
 .debug_macro   0x00010887      0x202 CMakeFiles/MatrixDriver.dir/Core/Src/main.c.obj
 .debug_macro   0x00010a89       0x7c CMakeFiles/MatrixDriver.dir/Core/Src/main.c.obj
 .debug_macro   0x00010b05       0x10 CMakeFiles/MatrixDriver.dir/Core/Src/main.c.obj
 .debug_macro   0x00010b15      0x1c7 CMakeFiles/MatrixDriver.dir/Core/Src/stm32f0xx_it.c.obj
 .debug_macro   0x00010cdc      0x1bd CMakeFiles/MatrixDriver.dir/Core/Src/stm32f0xx_hal_msp.c.obj
 .debug_macro   0x00010e99      0x1e4 CMakeFiles/MatrixDriver.dir/Core/Src/matrixstate.c.obj
 .debug_macro   0x0001107d      0x1e4 CMakeFiles/MatrixDriver.dir/Core/Src/utils.c.obj

.debug_line     0x00000000     0xae19
 .debug_line    0x00000000      0x7c1 cmake/stm32cubemx/CMakeFiles/STM32_Drivers.dir/__/__/Core/Src/system_stm32f0xx.c.obj
 .debug_line    0x000007c1     0x377b cmake/stm32cubemx/CMakeFiles/STM32_Drivers.dir/__/__/Drivers/STM32F0xx_HAL_Driver/Src/stm32f0xx_hal_tim.c.obj
 .debug_line    0x00003f3c     0x18d7 cmake/stm32cubemx/CMakeFiles/STM32_Drivers.dir/__/__/Drivers/STM32F0xx_HAL_Driver/Src/stm32f0xx_hal_tim_ex.c.obj
 .debug_line    0x00005813      0xe61 cmake/stm32cubemx/CMakeFiles/STM32_Drivers.dir/__/__/Drivers/STM32F0xx_HAL_Driver/Src/stm32f0xx_hal_rcc.c.obj
 .debug_line    0x00006674      0x9d0 cmake/stm32cubemx/CMakeFiles/STM32_Drivers.dir/__/__/Drivers/STM32F0xx_HAL_Driver/Src/stm32f0xx_hal.c.obj
 .debug_line    0x00007044      0xb35 cmake/stm32cubemx/CMakeFiles/STM32_Drivers.dir/__/__/Drivers/STM32F0xx_HAL_Driver/Src/stm32f0xx_hal_gpio.c.obj
 .debug_line    0x00007b79      0xa78 cmake/stm32cubemx/CMakeFiles/STM32_Drivers.dir/__/__/Drivers/STM32F0xx_HAL_Driver/Src/stm32f0xx_hal_cortex.c.obj
 .debug_line    0x000085f1      0x88c CMakeFiles/MatrixDriver.dir/Core/Src/main.c.obj
 .debug_line    0x00008e7d      0x7ae CMakeFiles/MatrixDriver.dir/Core/Src/stm32f0xx_it.c.obj
 .debug_line    0x0000962b      0x789 CMakeFiles/MatrixDriver.dir/Core/Src/stm32f0xx_hal_msp.c.obj
 .debug_line    0x00009db4       0x7b CMakeFiles/MatrixDriver.dir/startup_stm32f051x8.s.obj
 .debug_line    0x00009e2f      0x86d CMakeFiles/MatrixDriver.dir/Core/Src/matrixstate.c.obj
 .debug_line    0x0000a69c      0x77d CMakeFiles/MatrixDriver.dir/Core/Src/utils.c.obj

.debug_str      0x00000000    0x69297
 .debug_str     0x00000000    0x69297 cmake/stm32cubemx/CMakeFiles/STM32_Drivers.dir/__/__/Core/Src/system_stm32f0xx.c.obj
                              0x6693e (size before relaxing)
 .debug_str     0x00069297    0x67d54 cmake/stm32cubemx/CMakeFiles/STM32_Drivers.dir/__/__/Drivers/STM32F0xx_HAL_Driver/Src/stm32f0xx_hal_tim.c.obj
 .debug_str     0x00069297    0x67560 cmake/stm32cubemx/CMakeFiles/STM32_Drivers.dir/__/__/Drivers/STM32F0xx_HAL_Driver/Src/stm32f0xx_hal_tim_ex.c.obj
 .debug_str     0x00069297    0x66d7a cmake/stm32cubemx/CMakeFiles/STM32_Drivers.dir/__/__/Drivers/STM32F0xx_HAL_Driver/Src/stm32f0xx_hal_rcc.c.obj
 .debug_str     0x00069297    0x66f04 cmake/stm32cubemx/CMakeFiles/STM32_Drivers.dir/__/__/Drivers/STM32F0xx_HAL_Driver/Src/stm32f0xx_hal.c.obj
 .debug_str     0x00069297    0x66adf cmake/stm32cubemx/CMakeFiles/STM32_Drivers.dir/__/__/Drivers/STM32F0xx_HAL_Driver/Src/stm32f0xx_hal_gpio.c.obj
 .debug_str     0x00069297    0x66cf5 cmake/stm32cubemx/CMakeFiles/STM32_Drivers.dir/__/__/Drivers/STM32F0xx_HAL_Driver/Src/stm32f0xx_hal_cortex.c.obj
 .debug_str     0x00069297    0x673a6 CMakeFiles/MatrixDriver.dir/Core/Src/main.c.obj
 .debug_str     0x00069297    0x66a65 CMakeFiles/MatrixDriver.dir/Core/Src/stm32f0xx_it.c.obj
 .debug_str     0x00069297    0x66f67 CMakeFiles/MatrixDriver.dir/Core/Src/stm32f0xx_hal_msp.c.obj
 .debug_str     0x00069297       0xd6 CMakeFiles/MatrixDriver.dir/startup_stm32f051x8.s.obj
 .debug_str     0x00069297    0x66be6 CMakeFiles/MatrixDriver.dir/Core/Src/matrixstate.c.obj
 .debug_str     0x00069297    0x66f22 CMakeFiles/MatrixDriver.dir/Core/Src/utils.c.obj

.debug_line_str
                0x00000000       0xba
 .debug_line_str
                0x00000000       0xba CMakeFiles/MatrixDriver.dir/startup_stm32f051x8.s.obj
